Ultralytics YOLOv8.1.4 üöÄ Python-3.9.18 torch-2.1.2 CUDA:0 (NVIDIA GeForce RTX 3090, 24253MiB)
[34m[1mengine/trainer: [0mtask=detect, mode=train, model=/home/mamingrui/sod/ultralytics-main/my_model/vis_yolov8s_baba_4head_mid4_2.yaml, data=/home/mamingrui/sod/ultralytics-main/ultralytics/cfg/datasets/VisDrone.yaml, epochs=200, time=None, patience=200, batch=16, imgsz=640, save=True, save_period=-1, cache=True, device=None, workers=8, project=/home/mamingrui/sod/ultralytics-main/out_dirs/vis_yolov8s_baba_4head_mid4_2, name=20250801_222446, exist_ok=False, pretrained=False, optimizer=auto, verbose=True, seed=0, deterministic=True, single_cls=False, rect=False, cos_lr=True, close_mosaic=10, resume=None, amp=True, fraction=1.0, profile=False, freeze=None, multi_scale=False, overlap_mask=True, mask_ratio=4, dropout=0.0, val=True, split=val, save_json=False, save_hybrid=False, conf=None, iou=0.7, max_det=300, half=False, dnn=False, plots=True, source=None, vid_stride=1, stream_buffer=False, visualize=False, augment=False, agnostic_nms=False, classes=None, retina_masks=False, embed=None, show=False, save_frames=False, save_txt=False, save_conf=False, save_crop=False, show_labels=True, show_conf=True, show_boxes=True, line_width=None, format=torchscript, keras=False, optimize=False, int8=False, dynamic=False, simplify=False, opset=None, workspace=4, nms=False, lr0=0.01, lrf=0.01, momentum=0.937, weight_decay=0.0005, warmup_epochs=3.0, warmup_momentum=0.8, warmup_bias_lr=0.1, box=7.5, cls=0.5, dfl=1.5, pose=12.0, kobj=1.0, label_smoothing=0.0, nbs=64, hsv_h=0.015, hsv_s=0.7, hsv_v=0.4, degrees=0.0, translate=0.1, scale=0.5, shear=0.0, perspective=0.0, flipud=0.0, fliplr=0.5, mosaic=1.0, mixup=0.0, copy_paste=0.0, auto_augment=randaugment, erasing=0.4, crop_fraction=1.0, cfg=None, tracker=botsort.yaml, save_dir=/home/mamingrui/sod/ultralytics-main/out_dirs/vis_yolov8s_baba_4head_mid4_2/20250801_222446

                   from  n    params  module                                       arguments                     
  0                  -1  1       928  ultralytics.nn.modules.conv.Conv             [3, 32, 3, 2]                 
  1                  -1  1     18560  ultralytics.nn.modules.conv.Conv             [32, 64, 3, 2]                
  2                  -1  1     29056  ultralytics.nn.modules.block.C2f             [64, 64, 1, True]             
  3                  -1  1     73984  ultralytics.nn.modules.conv.Conv             [64, 128, 3, 2]               
  4                  -1  2    197632  ultralytics.nn.modules.block.C2f             [128, 128, 2, True]           
  5                  -1  1    295424  ultralytics.nn.modules.conv.Conv             [128, 256, 3, 2]              
  6                  -1  2    788480  ultralytics.nn.modules.block.C2f             [256, 256, 2, True]           
  7                  -1  1   1180672  ultralytics.nn.modules.conv.Conv             [256, 512, 3, 2]              
  8                  -1  1   1838080  ultralytics.nn.modules.block.C2f             [512, 512, 1, True]           
  9                  -1  1    656896  ultralytics.nn.modules.block.SPPF            [512, 512, 5]                 
 10                   4  1     16640  ultralytics.nn.modules.conv.Conv             [128, 128, 1, 1]              
 11                   6  1     33024  ultralytics.nn.modules.conv.Conv             [256, 128, 1, 1]              
 12                   9  1     65792  ultralytics.nn.modules.conv.Conv             [512, 128, 1, 1]              
 13                  -1  1         0  torch.nn.modules.upsampling.Upsample         [None, 2, 'nearest']          
 14            [-1, 11]  1         0  ultralytics.nn.modules.conv.Concat           [1]                           
 15                  -1  1    131840  ultralytics.nn.modules.block.C2f             [256, 128, 1]                 
 16                  -1  1         0  torch.nn.modules.upsampling.Upsample         [None, 2, 'nearest']          
 17            [-1, 10]  1         0  ultralytics.nn.modules.conv.Concat           [1]                           
 18                  -1  1    131840  ultralytics.nn.modules.block.C2f             [256, 128, 1]                 
 19                  -1  1    147712  ultralytics.nn.modules.conv.Conv             [128, 128, 3, 2]              
 20            [-1, 15]  1         0  ultralytics.nn.modules.conv.Concat           [1]                           
 21                  -1  1    131840  ultralytics.nn.modules.block.C2f             [256, 128, 1]                 
 22                  -1  1    147712  ultralytics.nn.modules.conv.Conv             [128, 128, 3, 2]              
 23            [-1, 12]  1         0  ultralytics.nn.modules.conv.Concat           [1]                           
 24                  -1  1    131840  ultralytics.nn.modules.block.C2f             [256, 128, 1]                 
 25     [2, 18, 15, 24]  1    120032  ultralytics.nn.modules.emfnet.MHmy_mid4_2    [[64, 128, 128, 128], 64]     
 26    [-1, 18, 21, 24]  1    832312  ultralytics.nn.modules.head.Detect           [10, [64, 128, 128, 128]]     
vis_YOLOv8s_baba_4head_mid4_2 summary: 274 layers, 6970296 parameters, 6970280 gradients, 28.5 GFLOPs
vis_YOLOv8s_baba_4head_mid4_2 summary: 274 layers, 6970296 parameters, 6970280 gradients, 28.5 GFLOPs

[34m[1mTensorBoard: [0mStart with 'tensorboard --logdir /home/mamingrui/sod/ultralytics-main/out_dirs/vis_yolov8s_baba_4head_mid4_2/20250801_222446', view at http://localhost:6006/
Freezing layer 'model.26.dfl.conv.weight'
[34m[1mAMP: [0mrunning Automatic Mixed Precision (AMP) checks with YOLOv8n...
Downloading https://github.com/ultralytics/assets/releases/download/v8.1.0/yolov8n.pt to 'yolov8n.pt'...
‚ö†Ô∏è Download failure, retrying 1/3 https://github.com/ultralytics/assets/releases/download/v8.1.0/yolov8n.pt...
#=#=#                                                                         ##O#-#                                                                        ##O=#  #                                                                      ######################################################################## 100.0%
#=#=#                                                                         ##O#-#                                                                        ##O=#  #                                                                      #=#=-#  #                                                                     -#O#- #   #                                                                   ######################################################################## 100.0%
#=#=#                                                                         ##O#-#                                                                        ##O=#  #                                                                      #=#=-#  #                                                                     ######################################################################## 100.0%
Traceback (most recent call last):
  File "/home/mamingrui/sod/ultralytics-main/train_1.py", line 51, in <module>
    result = train(model)
  File "/home/mamingrui/sod/ultralytics-main/train_1.py", line 37, in train
    return model.train(data=yaml_data['data'],
  File "/home/mamingrui/sod/ultralytics-main/ultralytics/engine/model.py", line 391, in train
    self.trainer.train()
  File "/home/mamingrui/sod/ultralytics-main/ultralytics/engine/trainer.py", line 210, in train
    self._do_train(world_size)
  File "/home/mamingrui/sod/ultralytics-main/ultralytics/engine/trainer.py", line 324, in _do_train
    self._setup_train(world_size)
  File "/home/mamingrui/sod/ultralytics-main/ultralytics/engine/trainer.py", line 268, in _setup_train
    self.amp = torch.tensor(check_amp(self.model), device=self.device)
  File "/home/mamingrui/sod/ultralytics-main/ultralytics/utils/checks.py", line 650, in check_amp
    assert amp_allclose(YOLO("yolov8n.pt"), im)
  File "/home/mamingrui/sod/ultralytics-main/ultralytics/engine/model.py", line 96, in __init__
    self._load(model, task=task)
  File "/home/mamingrui/sod/ultralytics-main/ultralytics/engine/model.py", line 162, in _load
    self.model, self.ckpt = attempt_load_one_weight(weights)
  File "/home/mamingrui/sod/ultralytics-main/ultralytics/nn/tasks.py", line 719, in attempt_load_one_weight
    ckpt, weight = torch_safe_load(weight)  # load ckpt
  File "/home/mamingrui/sod/ultralytics-main/ultralytics/nn/tasks.py", line 653, in torch_safe_load
    return torch.load(file, map_location="cpu"), file  # load
  File "/home/mamingrui/.conda/envs/frame/lib/python3.9/site-packages/torch/serialization.py", line 986, in load
    with _open_file_like(f, 'rb') as opened_file:
  File "/home/mamingrui/.conda/envs/frame/lib/python3.9/site-packages/torch/serialization.py", line 435, in _open_file_like
    return _open_file(name_or_buffer, mode)
  File "/home/mamingrui/.conda/envs/frame/lib/python3.9/site-packages/torch/serialization.py", line 416, in __init__
    super().__init__(open(name, mode))
FileNotFoundError: [Errno 2] No such file or directory: 'yolov8n.pt'

During handling of the above exception, another exception occurred:

Traceback (most recent call last):
  File "/home/mamingrui/sod/ultralytics-main/train_1.py", line 62, in <module>
    result = train(model, yaml_data['batch']/2)
  File "/home/mamingrui/sod/ultralytics-main/train_1.py", line 37, in train
    return model.train(data=yaml_data['data'],
  File "/home/mamingrui/sod/ultralytics-main/ultralytics/engine/model.py", line 372, in train
    self.trainer = (trainer or self._smart_load("trainer"))(overrides=args, _callbacks=self.callbacks)
  File "/home/mamingrui/sod/ultralytics-main/ultralytics/engine/trainer.py", line 98, in __init__
    self.args = get_cfg(cfg, overrides)
  File "/home/mamingrui/sod/ultralytics-main/ultralytics/cfg/__init__.py", line 238, in get_cfg
    raise TypeError(
TypeError: 'batch=8.0' is of invalid type float. 'batch' must be an int (i.e. 'batch=8')
